[realestics.temptics.com/index04b9.html]
[backblue.gif]
[fade.gif]
[index.html]
[realestics.temptics.com/assets/icon/flaticon_real_estate.css]
[realestics.temptics.com/assets/vendor/bootstrap/bootstrap.min.css]
[realestics.temptics.com/assets/vendor/splide/splide.min.css]
[realestics.temptics.com/assets/vendor/swiper/swiper-bundle.min.css]
[realestics.temptics.com/assets/vendor/slim-select/slimselect.css]
[realestics.temptics.com/assets/vendor/animate-wow/animate.min.css]
[realestics.temptics.com/assets/css/style.css]
[realestics.temptics.com/index.html]
[realestics.temptics.com/assets/img/logo-dark.svg]
[realestics.temptics.com/assets/img/project-3.jpg]
[realestics.temptics.com/project-details.html]
[realestics.temptics.com/assets/img/project-1.jpg]
[realestics.temptics.com/assets/img/project-4.jpg]
[realestics.temptics.com/assets/img/logo.svg]
[realestics.temptics.com/index-2.html]
[realestics.temptics.com/about.html]
[realestics.temptics.com/projects.html]
[realestics.temptics.com/services.html]
[realestics.temptics.com/service-details.html]
[realestics.temptics.com/team.html]
[realestics.temptics.com/team-details.html]
[realestics.temptics.com/how-it-works.html]
[realestics.temptics.com/pricing.html]
[realestics.temptics.com/blog.html]
[realestics.temptics.com/blog-2.html]
[realestics.temptics.com/blog-details.html]
[realestics.temptics.com/contact.html]
[realestics.temptics.com/assets/img/banner-img-1.png]
[realestics.temptics.com/assets/img/city-1.jpg]
[realestics.temptics.com/assets/img/city-2.jpg]
[realestics.temptics.com/assets/img/city-3.jpg]
[realestics.temptics.com/assets/img/city-4.jpg]
[realestics.temptics.com/assets/img/city-5.jpg]
[realestics.temptics.com/assets/img/city-6.jpg]
[realestics.temptics.com/assets/img/city-7.jpg]
[realestics.temptics.com/assets/img/city-8.jpg]
[realestics.temptics.com/assets/img/cities-vector-1.svg]
[realestics.temptics.com/assets/img/why-choose-img-1.jpg]
[realestics.temptics.com/assets/img/why-choose-img-2.jpg]
[realestics.temptics.com/assets/img/project-2.jpg]
[realestics.temptics.com/assets/img/project-6.jpg]
[realestics.temptics.com/assets/img/cities-vector-2.svg]
[realestics.temptics.com/assets/img/project-5.jpg]
[realestics.temptics.com/assets/img/facility-img.jpg]
[realestics.temptics.com/assets/img/testimonial-img.jpg]
[realestics.temptics.com/assets/img/team-1.jpg]
[realestics.temptics.com/assets/img/quotation-icon.svg]
[realestics.temptics.com/assets/img/team-2.jpg]
[realestics.temptics.com/assets/img/team-3.jpg]
[realestics.temptics.com/assets/img/blog-1.jpg]
[realestics.temptics.com/assets/img/blog-2.jpg]
[realestics.temptics.com/assets/img/blog-3.jpg]
[realestics.temptics.com/assets/img/partner-1.png]
[realestics.temptics.com/assets/img/partner-2.png]
[realestics.temptics.com/assets/img/partner-3.png]
[realestics.temptics.com/assets/img/partner-4.png]
[realestics.temptics.com/assets/img/partner-5.png]
[realestics.temptics.com/assets/img/partner-6.png]
[realestics.temptics.com/assets/img/app-ad-qr-code.jpg]
[realestics.temptics.com/assets/img/app-ad-ss-1.png]
[realestics.temptics.com/assets/img/app-ad-ss-2.png]
[realestics.temptics.com/assets/img/app-ad-img-vector.svg]
[realestics.temptics.com/assets/img/footer-vector-img-1.png]
[realestics.temptics.com/assets/img/footer-vector-img-2.png]
[realestics.temptics.com/assets/vendor/bootstrap/bootstrap.bundle.min.js]
[realestics.temptics.com/assets/vendor/splide/splide.min.js]
[realestics.temptics.com/assets/vendor/splide/splide-extension-auto-scroll.min.js]
[realestics.temptics.com/assets/vendor/swiper/swiper-bundle.min.js]
[realestics.temptics.com/assets/vendor/slim-select/slimselect.min.js]
[realestics.temptics.com/assets/vendor/animate-wow/wow.min.js]
[realestics.temptics.com/assets/vendor/splittype/index.min.js]
[realestics.temptics.com/assets/vendor/mixitup/mixitup.min.js]
[realestics.temptics.com/assets/vendor/fslightbox/fslightbox.js]
[realestics.temptics.com/assets/js/main.js]
[realestics.temptics.com/assets/js/tab.js]
[realestics.temptics.com/index04b9.html]
[realestics.temptics.com/assets/icon/flaticon_real_estateb592.woff2]
[realestics.temptics.com/assets/icon/flaticon_real_estateb592.woff]
[realestics.temptics.com/assets/icon/flaticon_real_estateb592.eot]
[realestics.temptics.com/assets/icon/flaticon_real_estateb592.ttf]
[realestics.temptics.com/assets/icon/flaticon_real_estate.css]
[realestics.temptics.com/assets/vendor/bootstrap/bootstrap.min.css]
[realestics.temptics.com/assets/vendor/splide/splide.min.css]
[realestics.temptics.com/assets/vendor/swiper/swiper-bundle.min.css]
[realestics.temptics.com/assets/vendor/slim-select/slimselect.css]
[realestics.temptics.com/assets/vendor/animate-wow/animate.min.css]
[realestics.temptics.com/assets/icon/flaticon_real_estateb592.svg]
[realestics.temptics.com/index-3.html]
[realestics.temptics.com/assets/img/breadcrumb-bg.jpg]
[realestics.temptics.com/assets/img/banner-slide-1.jpg]
[realestics.temptics.com/assets/img/search-filter-img.jpg]
[realestics.temptics.com/assets/img/featured-properties-bg.jpg]
[realestics.temptics.com/assets/img/stat-bg-hover.png]
[realestics.temptics.com/assets/img/ad-bg.jpg]
[realestics.temptics.com/assets/img/testimonial-bg.jpg]
[realestics.temptics.com/assets/css/style.css]
[realestics.temptics.com/assets/img/features-bg.jpg]
[realestics.temptics.com/index.html]
[realestics.temptics.com/assets/img/logo-dark.svg]
[realestics.temptics.com/assets/img/project-details-img-big-1.jpg]
[realestics.temptics.com/assets/img/project-details-img-big-2.jpg]
[realestics.temptics.com/assets/img/project-details-img-big-3.jpg]
[realestics.temptics.com/assets/img/project-details-img-big-4.jpg]
[realestics.temptics.com/assets/img/project-video-cover.jpg]
[realestics.temptics.com/assets/img/floor-plan-img.png]
[realestics.temptics.com/assets/img/reviewer-img-1.png]
[realestics.temptics.com/assets/img/reviewer-img-2.png]
[realestics.temptics.com/assets/img/reviewer-img-3.png]
[realestics.temptics.com/project-details.html]
[realestics.temptics.com/assets/img/logo.svg]
[realestics.temptics.com/index-2.html]
[realestics.temptics.com/assets/img/about-img.jpg]
[realestics.temptics.com/assets/img/team-vector-1.png]
[realestics.temptics.com/assets/img/team-vector-2.png]
[realestics.temptics.com/assets/img/features-vector.svg]
[realestics.temptics.com/about.html]
[realestics.temptics.com/projects.html]
[realestics.temptics.com/assets/img/speciality-img.png]
[realestics.temptics.com/assets/icon/speciality-1-icon-1.svg]
[realestics.temptics.com/assets/icon/speciality-1-icon-2.svg]
[realestics.temptics.com/assets/icon/speciality-2-icon-1.svg]
[realestics.temptics.com/assets/icon/speciality-2-icon-2.svg]
[realestics.temptics.com/assets/icon/speciality-3-icon-1.svg]
[realestics.temptics.com/assets/icon/speciality-3-icon-2.svg]
[realestics.temptics.com/assets/icon/speciality-4-icon-1.svg]
[realestics.temptics.com/assets/icon/speciality-4-icon-2.svg]
[realestics.temptics.com/services.html]
[realestics.temptics.com/assets/img/service-details-1.jpg]
[realestics.temptics.com/assets/img/service-details-2.jpg]
[realestics.temptics.com/assets/js/accordion.js]
[realestics.temptics.com/service-details.html]
[realestics.temptics.com/team.html]
[realestics.temptics.com/assets/js/progress.js]
[realestics.temptics.com/team-details.html]
[realestics.temptics.com/assets/img/hiw-1.jpg]
[realestics.temptics.com/assets/img/hiw-2.jpg]
[realestics.temptics.com/assets/img/hiw-3.jpg]
[realestics.temptics.com/how-it-works.html]
[realestics.temptics.com/pricing.html]
[realestics.temptics.com/blog.html]
[realestics.temptics.com/blog-2.html]
[realestics.temptics.com/blog-details.html]
[realestics.temptics.com/contact.html]
[realestics.temptics.com/assets/img/cities-vector-1.svg]
[realestics.temptics.com/assets/img/cities-vector-2.svg]
[realestics.temptics.com/assets/img/quotation-icon.svg]
[realestics.temptics.com/assets/img/app-ad-img-vector.svg]
[realestics.temptics.com/assets/icon/flaticon_real_estateb592.svg]
[realestics.temptics.com/index-3.html]
[realestics.temptics.com/assets/img/features-vector.svg]
[realestics.temptics.com/assets/icon/speciality-1-icon-1.svg]
[realestics.temptics.com/assets/icon/speciality-1-icon-2.svg]
[realestics.temptics.com/assets/icon/speciality-2-icon-1.svg]
[realestics.temptics.com/assets/icon/speciality-2-icon-2.svg]
[realestics.temptics.com/assets/icon/speciality-3-icon-1.svg]
[realestics.temptics.com/assets/icon/speciality-3-icon-2.svg]
[realestics.temptics.com/assets/icon/speciality-4-icon-1.svg]
[realestics.temptics.com/assets/icon/speciality-4-icon-2.svg]
